../Drivers/unit_test/unity.c:77:13:UnityPrintChar	16	static
../Drivers/unit_test/unity.c:127:6:UnityPrint	24	static
../Drivers/unit_test/unity.c:149:6:UnityPrintLen	24	static
../Drivers/unit_test/unity.c:187:6:UnityPrintNumberByStyle	16	static
../Drivers/unit_test/unity.c:238:6:UnityPrintNumber	24	static
../Drivers/unit_test/unity.c:253:6:UnityPrintNumberUnsigned	24	static
../Drivers/unit_test/unity.c:272:6:UnityPrintNumberHex	24	static
../Drivers/unit_test/unity.c:298:6:UnityPrintMask	24	static
../Drivers/unit_test/unity.c:333:6:UnityPrintFloat	72	static
../Drivers/unit_test/unity.c:494:13:UnityTestResultsBegin	16	static
../Drivers/unit_test/unity.c:537:13:UnityTestResultsFailBegin	16	static
../Drivers/unit_test/unity.c:545:6:UnityConcludeTest	8	static
../Drivers/unit_test/unity.c:569:13:UnityAddMsgIfSpecified	16	static
../Drivers/unit_test/unity.c:596:13:UnityPrintExpectedAndActualStrings	16	static
../Drivers/unit_test/unity.c:623:13:UnityPrintExpectedAndActualStringsLen	24	static
../Drivers/unit_test/unity.c:656:12:UnityIsOneArrayNull	24	static
../Drivers/unit_test/unity.c:690:6:UnityAssertBits	24	static
../Drivers/unit_test/unity.c:711:6:UnityAssertEqualNumber	24	static
../Drivers/unit_test/unity.c:732:6:UnityAssertGreaterOrLessOrEqualNumber	32	static
../Drivers/unit_test/unity.c:780:6:UnityAssertEqualIntArray	48	static
../Drivers/unit_test/unity.c:925:12:UnityFloatsWithin	32	static
../Drivers/unit_test/unity.c:932:6:UnityAssertWithinFloatArray	56	static
../Drivers/unit_test/unity.c:1012:6:UnityAssertFloatsWithin	32	static
../Drivers/unit_test/unity.c:1031:6:UnityAssertFloatsNotWithin	32	static
../Drivers/unit_test/unity.c:1052:6:UnityAssertGreaterOrLessFloat	40	static
../Drivers/unit_test/unity.c:1085:6:UnityAssertFloatSpecial	64	static
../Drivers/unit_test/unity.c:1377:6:UnityAssertNumbersWithin	24	static
../Drivers/unit_test/unity.c:1424:6:UnityAssertNumbersArrayWithin	48	static
../Drivers/unit_test/unity.c:1588:6:UnityAssertEqualString	32	static
../Drivers/unit_test/unity.c:1627:6:UnityAssertEqualStringLen	32	static
../Drivers/unit_test/unity.c:1667:6:UnityAssertEqualStringArray	40	static
../Drivers/unit_test/unity.c:1750:6:UnityAssertEqualMemory	40	static
../Drivers/unit_test/unity.c:1839:20:UnityNumToPtr	16	static
../Drivers/unit_test/unity.c:1865:20:UnityFloatToPtr	16	static
../Drivers/unit_test/unity.c:2114:6:UnityFail	16	static
../Drivers/unit_test/unity.c:2151:6:UnityIgnore	16	static
../Drivers/unit_test/unity.c:2167:6:UnityMessage	16	static
../Drivers/unit_test/unity.c:2183:6:UnityDefaultTestRun	24	static
../Drivers/unit_test/unity.c:2205:6:UnitySetTestFile	16	static
../Drivers/unit_test/unity.c:2211:6:UnityBegin	16	static
../Drivers/unit_test/unity.c:2227:5:UnityEnd	8	static
